// Jest Snapshot v1, https://goo.gl/fbAQLP

exports[`render App 1`] = `
<DocumentFragment>
  <div
    class="css-5simcc"
    role="rootApp"
  >
    <div
      class="css-lgrtma"
      role="topPanel"
    >
      <div
        class="css-ov1ktg"
      >
        <p
          class="css-gbrjra"
        >
          Lines
        </p>
        <div
          class="css-115ni0s"
          role="authForm"
        >
          <form
            action="#"
          >
            <label
              for="login"
            >
              Имя
            </label>
            <input
              id="login"
              name="login"
              placeholder="Введите логин"
              role="login"
              value=""
            />
            <label
              for="password"
            >
              Пароль
            </label>
            <input
              id="password"
              name="password"
              placeholder="Введите пароль"
              role="password"
              value=""
            />
            <button
              disabled=""
              role="buttonLogin"
              type="submit"
            >
              Войти
            </button>
          </form>
        </div>
      </div>
    </div>
    <div
      class="css-xt4orx"
      role="gamePanel"
    >
      <section
        class="css-1gk2x1a"
        role="cellsGrid"
      >
        <div
          class="css-es8rv7"
          role="cellContainer-0"
        >
          <div
            class="css-w6oewy"
            role="cellContent-0"
          />
        </div>
        <div
          class="css-2r18jt"
          role="cellContainer-1"
        />
        <div
          class="css-1jbr29x"
          role="cellContainer-2"
        />
        <div
          class="css-es8rv7"
          role="cellContainer-3"
        />
        <div
          class="css-2r18jt"
          role="cellContainer-4"
        />
        <div
          class="css-1jbr29x"
          role="cellContainer-5"
        />
        <div
          class="css-es8rv7"
          role="cellContainer-6"
        />
        <div
          class="css-2r18jt"
          role="cellContainer-7"
        />
        <div
          class="css-1jbr29x"
          role="cellContainer-8"
        />
        <div
          style="clear: both;"
        />
      </section>
    </div>
    <div
      class="css-1563bnz"
    >
      <div
        class="css-lgrtma"
        role="bottomPanel"
      >
        <p
          class="css-o9gtt2"
          role="messageResult"
        >
          Результат:
        </p>
        <p
          class="css-o9gtt2"
          role="messagePercentFilled"
        >
          Процент заполнения: 10
        </p>
      </div>
    </div>
  </div>
</DocumentFragment>
`;
